valve\resource\BackgroundLayout.txt
valve\resource\BackgroundLoadingLayout.txt
gldrv\3dfxgl.dll
gldrv\drvmap.txt
valve\gfx\shell\kb_keys.lst
valve\logos\8ball1.bmp
valve\logos\andre.bmp
valve\logos\camp1.bmp
valve\logos\chick1.bmp
valve\logos\chuckskull.bmp
valve\logos\devl1.bmp
valve\logos\gun1.bmp
valve\logos\lambda.bmp
valve\logos\skull.bmp
valve\logos\smiley.bmp
valve\logos\splatt.bmp
valve\logos\tiki.bmp
valve\logos\v_1.bmp
valve\1024_textscheme.txt
valve\1152_textscheme.txt
valve\1280_textscheme.txt
valve\1600_textscheme.txt
valve\640_textscheme.txt
valve\800_textscheme.txt
valve\default.cfg
valve\language.cfg
valve\spectatormenu.txt
valve\spectcammenu.txt
valve\valve.rc
valve\sound\ui\buttonclick.wav
valve\sound\ui\buttonclickrelease.wav
valve\sound\ui\buttonrollover.wav
valve\sound\weapons\ric1.wav
valve\sound\weapons\ric2.wav
valve\sound\weapons\ric3.wav
valve\sound\weapons\ric4.wav
valve\sound\weapons\ric5.wav
valve\sound\weapons\explode3.wav
valve\sound\weapons\explode4.wav
valve\sound\weapons\explode5.wav
valve\sound\player\pl_shell1.wav
valve\sound\player\pl_shell2.wav
valve\sound\player\pl_shell3.wav
valve\sound\weapons\sshell1.wav
valve\sound\weapons\sshell2.wav
valve\sound\weapons\sshell3.wav
valve\sound\debris\wood1.wav
valve\sound\debris\wood2.wav
valve\sound\debris\wood3.wav
valve\sound\debris\metal1.wav
valve\sound\debris\metal2.wav
valve\sound\debris\metal3.wav
valve\sound\debris\glass1.wav
valve\sound\debris\glass2.wav
valve\sound\debris\glass3.wav
valve\sound\debris\concrete1.wav
valve\sound\debris\concrete2.wav
valve\sound\debris\concrete3.wav
valve\sound\debris\flesh1.wav
valve\sound\debris\flesh2.wav
valve\sound\debris\flesh3.wav
valve\sound\debris\flesh5.wav
valve\sound\debris\flesh6.wav
valve\sound\debris\flesh7.wav
valve\sound\player\geiger1.wav
valve\sound\player\geiger2.wav
valve\sound\player\geiger3.wav
valve\sound\player\geiger4.wav
valve\sound\player\geiger5.wav
valve\sound\player\geiger6.wav