reslists\
cstrike\resource
cstrike\maps\as_oilrig.txt
cstrike\maps\cs_747.txt
cstrike\maps\cs_assault.txt
cstrike\maps\cs_backalley.txt
cstrike\maps\cs_estate.txt
cstrike\maps\cs_havana.txt
cstrike\maps\cs_italy.txt
cstrike\maps\cs_militia.txt
cstrike\maps\cs_office.txt
cstrike\maps\cs_siege.txt
cstrike\maps\de_airstrip.txt
cstrike\maps\de_aztec.txt
cstrike\maps\de_cbble.txt
cstrike\maps\de_chateau.txt
cstrike\maps\de_dust.txt
cstrike\maps\de_dust2.txt
cstrike\maps\de_inferno.txt
cstrike\maps\de_nuke.txt
cstrike\maps\de_piranesi.txt
cstrike\maps\de_prodigy.txt
cstrike\maps\de_storm.txt
cstrike\maps\de_survivor.txt
cstrike\maps\de_torn.txt
cstrike\maps\de_train.txt
cstrike\maps\de_vertigo.txt
cstrike\config.cfg
cstrike\commandmenu.txt
cstrike\cstrike.ico
cstrike\game.ico
cstrike\halflife-cs.fgd
cstrike\listenserver.cfg
cstrike\settings.scr
cstrike\user.scr
cstrike_chinese
cstrike_french
cstrike_german
cstrike_italian
cstrike_korean
cstrike_nvenglish
cstrike_spanish
cstrike\classes
cstrike\gfx\
cstrike\media
cstrike\overviews
cstrike\resource\background
cstrike\spectatormenu.txt
cstrike\maps\de_storm.res
cstrike\maps\default.res
cstrike\sprites\hud.txt
cstrike\sprites\observer.txt
cstrike\sprites\weapon_ak47.txt
cstrike\sprites\weapon_aug.txt
cstrike\sprites\weapon_awp.txt
cstrike\sprites\weapon_c4.txt
cstrike\sprites\weapon_deagle.txt
cstrike\sprites\weapon_elite.txt
cstrike\sprites\weapon_famas.txt
cstrike\sprites\weapon_fiveseven.txt
cstrike\sprites\weapon_flashbang.txt
cstrike\sprites\weapon_g3sg1.txt
cstrike\sprites\weapon_galil.txt
cstrike\sprites\weapon_glock18.txt
cstrike\sprites\weapon_hegrenade.txt
cstrike\sprites\weapon_knife.txt
cstrike\sprites\weapon_m249.txt
cstrike\sprites\weapon_m3.txt
cstrike\sprites\weapon_m4a1.txt
cstrike\sprites\weapon_mac10.txt
cstrike\sprites\weapon_mp5navy.txt
cstrike\sprites\weapon_p228.txt
cstrike\sprites\weapon_p90.txt
cstrike\sprites\weapon_scout.txt
cstrike\sprites\weapon_sg550.txt
cstrike\sprites\weapon_sg552.txt
cstrike\sprites\weapon_shield.txt
cstrike\sprites\weapon_shieldgun.txt
cstrike\sprites\weapon_smokegrenade.txt
cstrike\sprites\weapon_tmp.txt
cstrike\sprites\weapon_ump45.txt
cstrike\sprites\weapon_usp.txt
cstrike\sprites\weapon_xm1014.txt



