@reslists\Counter-Strike\multiplayer_preloads.lst
@reslists\Counter-Strike\de_aztec.lst
@reslists\Counter-Strike\de_piranesi.lst
@reslists\Counter-Strike\de_airstrip.lst
@reslists\Counter-Strike\de_dust.lst
@reslists\Counter-Strike\de_dust2.lst
@reslists\Counter-Strike\de_inferno.lst
@reslists\Counter-Strike\de_chateau.lst
@reslists\Counter-Strike\cs_italy.lst
@reslists\Counter-Strike\de_cbble.lst
@reslists\Counter-Strike\de_train.lst
@reslists\Counter-Strike\cs_havana.lst
@reslists\Counter-Strike\cs_siege.lst
@reslists\Counter-Strike\cs_747.lst
@reslists\Counter-Strike\cs_assault.lst
@reslists\Counter-Strike\cs_backalley.lst
@reslists\Counter-Strike\cs_estate.lst
@reslists\Counter-Strike\cs_militia.lst
@reslists\Counter-Strike\cs_office.lst
@reslists\Counter-Strike\de_nuke.lst
@reslists\Counter-Strike\de_prodigy.lst
@reslists\Counter-Strike\de_storm.lst
@reslists\Counter-Strike\de_torn.lst
@reslists\Counter-Strike\de_vertigo.lst
@reslists\Counter-Strike\de_survivor.lst
@reslists\Counter-Strike\as_oilrig.lst
