cstrike\delta.lst
cstrike\liblist.gam
cstrike\mapcycle.txt
cstrike\motd.txt
cstrike\readme.txt
cstrike\server.cfg
cstrike\steam.inf

cstrike\classes\ak47.res
cstrike\classes\arctic.res
cstrike\classes\aug.res
cstrike\classes\autoselect.res
cstrike\classes\awp.res
cstrike\classes\cancelbutton.res
cstrike\classes\default.res
cstrike\classes\defuser.res
cstrike\classes\deserteagle.res
cstrike\classes\elites.res
cstrike\classes\equipment.res
cstrike\classes\famas.res
cstrike\classes\fiveseven.res
cstrike\classes\flashbang.res
cstrike\classes\g3sg1.res
cstrike\classes\galil.res
cstrike\classes\gign.res
cstrike\classes\glock18.res
cstrike\classes\gsg9.res
cstrike\classes\guerilla.res
cstrike\classes\hegrenade.res
cstrike\classes\kevlar.res
cstrike\classes\kevlar_helmet.res
cstrike\classes\leet.res
cstrike\classes\m249.res
cstrike\classes\m3.res
cstrike\classes\m4a1.res
cstrike\classes\mac10.res
cstrike\classes\machineguns.res
cstrike\classes\mp5.res
cstrike\classes\nightvision.res
cstrike\classes\not_available.res
cstrike\classes\p228.res
cstrike\classes\p90.res
cstrike\classes\pistols.res
cstrike\classes\primaryammo.res
cstrike\classes\rifles.res
cstrike\classes\sas.res
cstrike\classes\scout.res
cstrike\classes\secammo.res
cstrike\classes\sg550.res
cstrike\classes\sg552.res
cstrike\classes\shield.res
cstrike\classes\shotguns.res
cstrike\classes\smokegrenade.res
cstrike\classes\submachineguns.res
cstrike\classes\terror.res
cstrike\classes\tmp.res
cstrike\classes\ump45.res
cstrike\classes\urban.res
cstrike\classes\usp45.res
cstrike\classes\xm1014.res

cstrike\cl_dlls\client.dll
cstrike\dlls\mp.dll

cstrike\resource\background
U:\hl1\release\dev\cstrike\resource\ClientScheme.res
cstrike\resource\CreateMultiplayerGameBotPage.res
cstrike\resource\CreateMultiplayerGameServerPage.res
cstrike\resource\cstrike_english.txt
cstrike\resource\GameMenu.res
cstrike\resource\game_menu.tga
cstrike\resource\game_menu_mouseover.tga
cstrike\resource\logo_game.tga
cstrike\resource\menu_hl_no_icon.tga
cstrike\resource\OptionsSubMultiplayer.res
cstrike\resource\UI
cstrike\resource\background\800_1_a_loading.tga
cstrike\resource\background\800_1_b_loading.tga
cstrike\resource\background\800_1_c_loading.tga
cstrike\resource\background\800_1_d_loading.tga
cstrike\resource\background\800_2_a_loading.tga
cstrike\resource\background\800_2_b_loading.tga
cstrike\resource\background\800_2_c_loading.tga
cstrike\resource\background\800_2_d_loading.tga
cstrike\resource\background\800_3_a_loading.tga
cstrike\resource\background\800_3_b_loading.tga
cstrike\resource\background\800_3_c_loading.tga
cstrike\resource\background\800_3_d_loading.tga
cstrike\resource\UI\BottomSpectator.res
cstrike\resource\UI\BuyEquipment.res
cstrike\resource\UI\BuyEquipment_CT.res
cstrike\resource\UI\BuyEquipment_TER.res
cstrike\resource\UI\BuyMachineguns_CT.res
cstrike\resource\UI\BuyMachineguns_TER.res
cstrike\resource\UI\BuyMenu.res
cstrike\resource\UI\BuyPistols_CT.res
cstrike\resource\UI\BuyPistols_TER.res
cstrike\resource\UI\BuyRifles_CT.res
cstrike\resource\UI\BuyRifles_TER.res
cstrike\resource\UI\BuyShotguns_CT.res
cstrike\resource\UI\BuyShotguns_TER.res
cstrike\resource\UI\BuySubMachineguns_CT.res
cstrike\resource\UI\BuySubMachineguns_TER.res
cstrike\resource\UI\Classmenu_CT.res
cstrike\resource\UI\Classmenu_TER.res
cstrike\resource\UI\diagonal.tga
cstrike\resource\UI\MainBuyMenu.res
cstrike\resource\UI\MOTD.res
cstrike\resource\UI\ScoreBoard.res
cstrike\resource\UI\Spectator.res
cstrike\resource\UI\Teammenu.res
cstrike\gfx\env\backalleybk.tga
cstrike\gfx\env\backalleydn.tga
cstrike\gfx\env\backalleyft.tga
cstrike\gfx\env\backalleylf.tga
cstrike\gfx\env\backalleyrt.tga
cstrike\gfx\env\backalleyup.tga
cstrike\gfx\env\badlandsbk.tga
cstrike\gfx\env\badlandsdn.tga
cstrike\gfx\env\badlandsft.tga
cstrike\gfx\env\badlandslf.tga
cstrike\gfx\env\badlandsrt.tga
cstrike\gfx\env\badlandsup.tga
cstrike\gfx\env\bluebk.tga
cstrike\gfx\env\bluedn.tga
cstrike\gfx\env\blueft.tga
cstrike\gfx\env\bluelf.tga
cstrike\gfx\env\bluert.tga
cstrike\gfx\env\blueup.tga
cstrike\gfx\env\city1bk.tga
cstrike\gfx\env\city1dn.tga
cstrike\gfx\env\city1ft.tga
cstrike\gfx\env\city1lf.tga
cstrike\gfx\env\city1rt.tga
cstrike\gfx\env\city1up.tga
cstrike\gfx\env\cxbk.tga
cstrike\gfx\env\cxdn.tga
cstrike\gfx\env\cxft.tga
cstrike\gfx\env\cxlf.tga
cstrike\gfx\env\cxrt.tga
cstrike\gfx\env\cxup.tga
cstrike\gfx\env\Desbk.tga
cstrike\gfx\env\Desdn.tga
cstrike\gfx\env\Desft.tga
cstrike\gfx\env\Deslf.tga
cstrike\gfx\env\Desrt.tga
cstrike\gfx\env\Desup.tga
cstrike\gfx\env\de_stormbk.bmp
cstrike\gfx\env\de_stormbk.tga
cstrike\gfx\env\de_stormdn.bmp
cstrike\gfx\env\de_stormdn.tga
cstrike\gfx\env\de_stormft.bmp
cstrike\gfx\env\de_stormft.tga
cstrike\gfx\env\de_stormlf.bmp
cstrike\gfx\env\de_stormlf.tga
cstrike\gfx\env\de_stormrt.bmp
cstrike\gfx\env\de_stormrt.tga
cstrike\gfx\env\de_stormup.bmp
cstrike\gfx\env\de_stormup.tga
cstrike\gfx\env\doom1bk.tga
cstrike\gfx\env\doom1dn.tga
cstrike\gfx\env\doom1ft.tga
cstrike\gfx\env\doom1lf.tga
cstrike\gfx\env\doom1rt.tga
cstrike\gfx\env\doom1up.tga
cstrike\gfx\env\DrkGbk.tga
cstrike\gfx\env\DrkGdn.tga
cstrike\gfx\env\DrkGft.tga
cstrike\gfx\env\DrkGlf.tga
cstrike\gfx\env\DrkGrt.tga
cstrike\gfx\env\DrkGup.tga
cstrike\gfx\env\forestbk.tga
cstrike\gfx\env\forestdn.tga
cstrike\gfx\env\forestft.tga
cstrike\gfx\env\forestlf.tga
cstrike\gfx\env\forestrt.tga
cstrike\gfx\env\forestup.tga
cstrike\gfx\env\greenbk.tga
cstrike\gfx\env\greendn.tga
cstrike\gfx\env\greenft.tga
cstrike\gfx\env\greenlf.tga
cstrike\gfx\env\greenrt.tga
cstrike\gfx\env\greenup.tga
cstrike\gfx\env\grnplsntbk.tga
cstrike\gfx\env\grnplsntdn.tga
cstrike\gfx\env\grnplsntft.tga
cstrike\gfx\env\grnplsntlf.tga
cstrike\gfx\env\grnplsntrt.tga
cstrike\gfx\env\grnplsntup.tga
cstrike\gfx\env\havbk.tga
cstrike\gfx\env\havdn.tga
cstrike\gfx\env\havft.tga
cstrike\gfx\env\havlf.tga
cstrike\gfx\env\havrt.tga
cstrike\gfx\env\havup.tga
cstrike\gfx\env\morningdewbk.bmp
cstrike\gfx\env\morningdewbk.pcx
cstrike\gfx\env\morningdewbk.tga
cstrike\gfx\env\morningdewdn.bmp
cstrike\gfx\env\morningdewdn.pcx
cstrike\gfx\env\morningdewdn.tga
cstrike\gfx\env\morningdewft.bmp
cstrike\gfx\env\morningdewft.pcx
cstrike\gfx\env\morningdewft.tga
cstrike\gfx\env\morningdewlf.bmp
cstrike\gfx\env\morningdewlf.pcx
cstrike\gfx\env\morningdewlf.tga
cstrike\gfx\env\morningdewrt.bmp
cstrike\gfx\env\morningdewrt.pcx
cstrike\gfx\env\morningdewrt.tga
cstrike\gfx\env\morningdewup.bmp
cstrike\gfx\env\morningdewup.pcx
cstrike\gfx\env\morningdewup.tga
cstrike\gfx\env\officebk.tga
cstrike\gfx\env\officedn.tga
cstrike\gfx\env\officeft.tga
cstrike\gfx\env\officelf.tga
cstrike\gfx\env\officert.tga
cstrike\gfx\env\officeup.tga
cstrike\gfx\env\snowbk.tga
cstrike\gfx\env\snowdn.tga
cstrike\gfx\env\snowft.tga
cstrike\gfx\env\snowlake_bk.tga
cstrike\gfx\env\snowlake_dn.tga
cstrike\gfx\env\snowlake_ft.tga
cstrike\gfx\env\snowlake_lf.tga
cstrike\gfx\env\snowlake_rt.tga
cstrike\gfx\env\snowlake_up.tga
cstrike\gfx\env\snowlf.tga
cstrike\gfx\env\snowrt.tga
cstrike\gfx\env\snowup.tga
cstrike\gfx\env\tornskybk.tga
cstrike\gfx\env\tornskydn.tga
cstrike\gfx\env\tornskyft.tga
cstrike\gfx\env\tornskylf.tga
cstrike\gfx\env\tornskyrt.tga
cstrike\gfx\env\tornskyup.tga
cstrike\gfx\env\TrainYardBk.tga
cstrike\gfx\env\TrainYardDn.tga
cstrike\gfx\env\TrainYardFt.tga
cstrike\gfx\env\TrainYardLf.tga
cstrike\gfx\env\TrainYardRt.tga
cstrike\gfx\env\TrainYardUp.tga
cstrike\gfx\env\tsccity_bk.tga
cstrike\gfx\env\tsccity_dn.tga
cstrike\gfx\env\tsccity_ft.tga
cstrike\gfx\env\tsccity_lf.tga
cstrike\gfx\env\tsccity_rt.tga
cstrike\gfx\env\tsccity_up.tga

cstrike\events\ak47.sc
cstrike\events\aug.sc
cstrike\events\awp.sc
cstrike\events\createexplo.sc
cstrike\events\createsmoke.sc
cstrike\events\deagle.sc
cstrike\events\decal_reset.sc
cstrike\events\elite_left.sc
cstrike\events\elite_right.sc
cstrike\events\famas.sc
cstrike\events\fiveseven.sc
cstrike\events\g3sg1.sc
cstrike\events\galil.sc
cstrike\events\glock18.sc
cstrike\events\knife.sc
cstrike\events\m249.sc
cstrike\events\m3.sc
cstrike\events\m4a1.sc
cstrike\events\mac10.sc
cstrike\events\mp5n.sc
cstrike\events\p228.sc
cstrike\events\p90.sc
cstrike\events\scout.sc
cstrike\events\sg550.sc
cstrike\events\sg552.sc
cstrike\events\shieldgun.sc
cstrike\events\tmp.sc
cstrike\events\ump45.sc
cstrike\events\usp.sc
cstrike\events\vehicle.sc
cstrike\events\xm1014.sc

cstrike\gfx\vgui\ak47.tga
cstrike\gfx\vgui\arctic.tga
cstrike\gfx\vgui\aug.tga
cstrike\gfx\vgui\awp.tga
cstrike\gfx\vgui\ct_random.tga
cstrike\gfx\vgui\deagle.tga
cstrike\gfx\vgui\defuser.tga
cstrike\gfx\vgui\deserteagle.tga
cstrike\gfx\vgui\elite.tga
cstrike\gfx\vgui\elites.tga
cstrike\gfx\vgui\famas.tga
cstrike\gfx\vgui\fiveseven.tga
cstrike\gfx\vgui\flashbang.tga
cstrike\gfx\vgui\g3sg1.tga
cstrike\gfx\vgui\galil.tga
cstrike\gfx\vgui\gign.tga
cstrike\gfx\vgui\glock18.tga
cstrike\gfx\vgui\gsg9.tga
cstrike\gfx\vgui\guerilla.tga
cstrike\gfx\vgui\hegrenade.tga
cstrike\gfx\vgui\kevlar.tga
cstrike\gfx\vgui\kevlar_helmet.tga
cstrike\gfx\vgui\leet.tga
cstrike\gfx\vgui\m249.tga
cstrike\gfx\vgui\m3.tga
cstrike\gfx\vgui\m4a1.tga
cstrike\gfx\vgui\mac10.tga
cstrike\gfx\vgui\mp5.tga
cstrike\gfx\vgui\nightvision.tga
cstrike\gfx\vgui\p228.tga
cstrike\gfx\vgui\p90.tga
cstrike\gfx\vgui\sas.tga
cstrike\gfx\vgui\scout.tga
cstrike\gfx\vgui\sg550.tga
cstrike\gfx\vgui\sg552.tga
cstrike\gfx\vgui\shield.tga
cstrike\gfx\vgui\smokegrenade.tga
cstrike\gfx\vgui\terror.tga
cstrike\gfx\vgui\tmp.tga
cstrike\gfx\vgui\t_random.tga
cstrike\gfx\vgui\ump45.tga
cstrike\gfx\vgui\urban.tga
cstrike\gfx\vgui\usp.tga
cstrike\gfx\vgui\usp45.tga
cstrike\gfx\vgui\vip.tga
cstrike\gfx\vgui\xm1014.tga

cstrike\overviews\as_oilrig.bmp
cstrike\overviews\as_oilrig.txt
cstrike\overviews\cs_747.bmp
cstrike\overviews\cs_747.txt
cstrike\overviews\cs_assault.bmp
cstrike\overviews\cs_assault.txt
cstrike\overviews\cs_backalley.BMP
cstrike\overviews\cs_backalley.txt
cstrike\overviews\cs_estate.bmp
cstrike\overviews\cs_estate.txt
cstrike\overviews\cs_havana.bmp
cstrike\overviews\cs_havana.txt
cstrike\overviews\cs_italy.bmp
cstrike\overviews\cs_italy.txt
cstrike\overviews\cs_militia.bmp
cstrike\overviews\cs_militia.txt
cstrike\overviews\cs_office.bmp
cstrike\overviews\cs_office.txt
cstrike\overviews\cs_siege.bmp
cstrike\overviews\cs_siege.txt
cstrike\overviews\de_airstrip.bmp
cstrike\overviews\de_airstrip.txt
cstrike\overviews\de_aztec.bmp
cstrike\overviews\de_aztec.txt
cstrike\overviews\de_cbble.bmp
cstrike\overviews\de_cbble.txt
cstrike\overviews\de_chateau.bmp
cstrike\overviews\de_chateau.txt
cstrike\overviews\de_dust.bmp
cstrike\overviews\de_dust.txt
cstrike\overviews\de_dust2.bmp
cstrike\overviews\de_dust2.txt
cstrike\overviews\de_fastline.bmp
cstrike\overviews\de_fastline.txt
cstrike\overviews\de_inferno.bmp
cstrike\overviews\de_inferno.txt
cstrike\overviews\de_nuke.bmp
cstrike\overviews\de_nuke.txt
cstrike\overviews\de_piranesi.bmp
cstrike\overviews\de_piranesi.txt
cstrike\overviews\de_prodigy.bmp
cstrike\overviews\de_prodigy.txt
cstrike\overviews\de_storm.bmp
cstrike\overviews\de_storm.txt
cstrike\overviews\de_survivor.bmp
cstrike\overviews\de_survivor.txt
cstrike\overviews\de_torn.bmp
cstrike\overviews\de_torn.txt
cstrike\overviews\de_train.bmp
cstrike\overviews\de_train.txt
cstrike\overviews\de_vertigo.bmp
cstrike\overviews\de_vertigo.txt

cstrike\models\arcticorange.mdl
cstrike\models\arcticorangeT.mdl
cstrike\models\bag.mdl
cstrike\models\bigtree.mdl
cstrike\models\bush.mdl
cstrike\models\chick.mdl
cstrike\models\conveyor1.mdl
cstrike\models\conveyor2.mdl
cstrike\models\conveyor3.mdl
cstrike\models\conveyor_turn.mdl
cstrike\models\dummyguerilla.mdl
cstrike\models\feather.mdl
cstrike\models\fern.mdl
cstrike\models\grass.mdl
cstrike\models\grass_01.spr
cstrike\models\guerilla.mdl
cstrike\models\head.mdl
cstrike\models\hostage.mdl
cstrike\models\hostage01.mdl
cstrike\models\hostage02.mdl
cstrike\models\hostage03.mdl
cstrike\models\hostage04.mdl
cstrike\models\hostage05.mdl
cstrike\models\hostage06.mdl
cstrike\models\hostage07.mdl
cstrike\models\hostage08.mdl
cstrike\models\lv_bottle.mdl
cstrike\models\orange.mdl
cstrike\models\oranget.mdl
cstrike\models\pallet.mdl
cstrike\models\pallet_with_bags.mdl
cstrike\models\pallet_with_bags2.mdl
cstrike\models\palmtree.mdl
cstrike\models\PG-150.mdl
cstrike\models\pi_bush.mdl
cstrike\models\pi_fern.mdl
cstrike\models\pi_outlamp1.mdl
cstrike\models\pi_shrub.mdl
cstrike\models\pi_stlamp.mdl
cstrike\models\pi_tree.mdl
cstrike\models\pi_tree1.mdl
cstrike\models\pi_tree2.mdl
cstrike\models\pi_tree3.mdl
cstrike\models\pi_treeb.mdl
cstrike\models\pi_twig.mdl
cstrike\models\player.mdl
cstrike\models\pred_plant.mdl
cstrike\models\pshell.mdl
cstrike\models\p_ak47.mdl
cstrike\models\p_aug.mdl
cstrike\models\p_awp.mdl
cstrike\models\p_c4.mdl
cstrike\models\p_deagle.mdl
cstrike\models\p_elite.mdl
cstrike\models\p_famas.mdl
cstrike\models\p_fiveseven.mdl
cstrike\models\p_flashbang.mdl
cstrike\models\p_g3sg1.mdl
cstrike\models\p_galil.mdl
cstrike\models\p_glock18.mdl
cstrike\models\p_hegrenade.mdl
cstrike\models\p_knife.mdl
cstrike\models\p_m249.mdl
cstrike\models\p_m3.mdl
cstrike\models\p_m3super90.mdl
cstrike\models\p_m4a1.mdl
cstrike\models\p_mac10.mdl
cstrike\models\p_mp5.mdl
cstrike\models\p_p228.mdl
cstrike\models\p_p90.mdl
cstrike\models\p_scout.mdl
cstrike\models\p_sg550.mdl
cstrike\models\p_sg552.mdl
cstrike\models\p_shield.mdl
cstrike\models\p_smokegrenade.mdl
cstrike\models\p_tmp.mdl
cstrike\models\p_ump45.mdl
cstrike\models\p_usp.mdl
cstrike\models\p_xm1014.mdl
cstrike\models\qloader.mdl
cstrike\models\qtruck.mdl
cstrike\models\rshell.mdl
cstrike\models\rshell_big.mdl
cstrike\models\support1.mdl
cstrike\models\support2.mdl
cstrike\models\support3.mdl
cstrike\models\truck.mdl
cstrike\models\v_ak47.mdl
cstrike\models\v_aug.mdl
cstrike\models\v_awp.mdl
cstrike\models\v_c4.mdl
cstrike\models\v_deagle.mdl
cstrike\models\v_elite.mdl
cstrike\models\v_famas.mdl
cstrike\models\v_fiveseven.mdl
cstrike\models\v_flashbang.mdl
cstrike\models\v_g3sg1.mdl
cstrike\models\v_galil.mdl
cstrike\models\v_glock18.mdl
cstrike\models\v_hegrenade.mdl
cstrike\models\v_knife.mdl
cstrike\models\v_knife_r.mdl
cstrike\models\v_m249.mdl
cstrike\models\v_m3.mdl
cstrike\models\v_m4a1.mdl
cstrike\models\v_mac10.mdl
cstrike\models\v_mp5.mdl
cstrike\models\v_p228.mdl
cstrike\models\v_p90.mdl
cstrike\models\v_scout.mdl
cstrike\models\v_sg550.mdl
cstrike\models\v_sg552.mdl
cstrike\models\v_shield_r.mdl
cstrike\models\v_smokegrenade.mdl
cstrike\models\v_tmp.mdl
cstrike\models\v_ump45.mdl
cstrike\models\v_usp.mdl
cstrike\models\v_xm1014.mdl
cstrike\models\winebottle.mdl
cstrike\models\w_ak47.mdl
cstrike\models\w_assault.mdl
cstrike\models\w_aug.mdl
cstrike\models\w_awp.mdl
cstrike\models\w_backpack.mdl
cstrike\models\w_c4.mdl
cstrike\models\w_deagle.mdl
cstrike\models\w_elite.mdl
cstrike\models\w_famas.mdl
cstrike\models\w_fiveseven.mdl
cstrike\models\w_flashbang.mdl
cstrike\models\w_g3sg1.mdl
cstrike\models\w_galil.mdl
cstrike\models\w_glock18.mdl
cstrike\models\w_hegrenade.mdl
cstrike\models\w_kevlar.mdl
cstrike\models\w_knife.mdl
cstrike\models\w_m249.mdl
cstrike\models\w_m3.mdl
cstrike\models\w_m4a1.mdl
cstrike\models\w_mac10.mdl
cstrike\models\w_mp5.mdl
cstrike\models\w_p228.mdl
cstrike\models\w_p90.mdl
cstrike\models\w_scout.mdl
cstrike\models\w_sg550.mdl
cstrike\models\w_sg552.mdl
cstrike\models\w_shield.mdl
cstrike\models\w_smokegrenade.mdl
cstrike\models\w_thighpack.mdl
cstrike\models\w_tmp.mdl
cstrike\models\w_ump45.mdl
cstrike\models\w_usp.mdl
cstrike\models\w_xm1014.mdl
cstrike\models\player\arctic\arctic.mdl
cstrike\models\player\gign\gign.mdl
cstrike\models\player\gsg9\gsg9.mdl
cstrike\models\player\guerilla\guerilla.mdl
cstrike\models\player\leet\leet.mdl
cstrike\models\player\sas\sas.mdl
cstrike\models\player\terror\terror.mdl
cstrike\models\player\urban\urban.mdl
cstrike\models\player\vip\vip.mdl
cstrike\models\props\plant_potted.mdl
cstrike\models\props\rails_subway.mdl
cstrike\models\props\tree_japan_maple_orange.mdl
cstrike\models\shield\p_shield_deagle.mdl
cstrike\models\shield\p_shield_fiveseven.mdl
cstrike\models\shield\p_shield_flashbang.mdl
cstrike\models\shield\p_shield_glock18.mdl
cstrike\models\shield\p_shield_hegrenade.mdl
cstrike\models\shield\p_shield_knife.mdl
cstrike\models\shield\p_shield_p228.mdl
cstrike\models\shield\p_shield_smokegrenade.mdl
cstrike\models\shield\p_shield_usp.mdl
cstrike\models\shield\v_shield_deagle.mdl
cstrike\models\shield\v_shield_fiveseven.mdl
cstrike\models\shield\v_shield_flashbang.mdl
cstrike\models\shield\v_shield_glock18.mdl
cstrike\models\shield\v_shield_hegrenade.mdl
cstrike\models\shield\v_shield_knife.mdl
cstrike\models\shield\v_shield_p228.mdl
cstrike\models\shield\v_shield_smokegrenade.mdl
cstrike\models\shield\v_shield_usp.mdl

cstrike\sound\materials.txt
cstrike\sound\sentences.txt
cstrike\sound\ambience\3dmbridge.wav
cstrike\sound\ambience\3dmeagle.wav
cstrike\sound\ambience\3dmstart.wav
cstrike\sound\ambience\3dmthrill.wav
cstrike\sound\ambience\alarm1.wav
cstrike\sound\ambience\arabmusic.wav
cstrike\sound\ambience\Birds1.wav
cstrike\sound\ambience\Birds2.wav
cstrike\sound\ambience\Birds3.wav
cstrike\sound\ambience\Birds4.wav
cstrike\sound\ambience\Birds5.wav
cstrike\sound\ambience\Birds6.wav
cstrike\sound\ambience\Birds7.wav
cstrike\sound\ambience\Birds8.wav
cstrike\sound\ambience\Birds9.wav
cstrike\sound\ambience\car1.wav
cstrike\sound\ambience\car2.wav
cstrike\sound\ambience\cat1.wav
cstrike\sound\ambience\chimes.wav
cstrike\sound\ambience\cicada3.wav
cstrike\sound\ambience\copter.wav
cstrike\sound\ambience\cow.wav
cstrike\sound\ambience\crow.wav
cstrike\sound\ambience\dog1.wav
cstrike\sound\ambience\dog2.wav
cstrike\sound\ambience\dog3.wav
cstrike\sound\ambience\dog4.wav
cstrike\sound\ambience\dog5.wav
cstrike\sound\ambience\dog6.wav
cstrike\sound\ambience\dog7.wav
cstrike\sound\ambience\doorbell.wav
cstrike\sound\ambience\fallscream.wav
cstrike\sound\ambience\fastline
cstrike\sound\ambience\guit1.wav
cstrike\sound\ambience\kajika.wav
cstrike\sound\ambience\lv1.wav
cstrike\sound\ambience\lv2.wav
cstrike\sound\ambience\lv3.wav
cstrike\sound\ambience\lv4.wav
cstrike\sound\ambience\lv5.wav
cstrike\sound\ambience\lv6.wav
cstrike\sound\ambience\lv_elvis.wav
cstrike\sound\ambience\lv_fruit1.wav
cstrike\sound\ambience\lv_fruit2.wav
cstrike\sound\ambience\lv_fruitwin.wav
cstrike\sound\ambience\lv_jubilee.wav
cstrike\sound\ambience\lv_neon.wav
cstrike\sound\ambience\Opera.wav
cstrike\sound\ambience\ratchant.wav
cstrike\sound\ambience\rd_shipshorn.wav
cstrike\sound\ambience\rd_waves.wav
cstrike\sound\ambience\sheep.wav
cstrike\sound\ambience\sparrow.wav
cstrike\sound\ambience\thunder_clap.wav
cstrike\sound\ambience\waterrun.wav
cstrike\sound\ambience\wolfhowl01.wav
cstrike\sound\ambience\wolfhowl02.wav
cstrike\sound\ambience\fastline\fastline_station1.wav
cstrike\sound\ambience\fastline\fastline_station2.wav
cstrike\sound\ambience\fastline\fastline_station3.wav
cstrike\sound\ambience\fastline\fastline_station4.wav
cstrike\sound\ambience\fastline\fastline_turnreject.wav
cstrike\sound\ambience\fastline\misc_vendmachine_loop.wav
cstrike\sound\de_torn\tk_steam.wav
cstrike\sound\de_torn\tk_windStreet.wav
cstrike\sound\de_torn\torn_AK-47.wav
cstrike\sound\de_torn\torn_ambience.wav
cstrike\sound\de_torn\torn_Bomb1.wav
cstrike\sound\de_torn\torn_Bomb2.wav
cstrike\sound\de_torn\torn_MGun1.wav
cstrike\sound\de_torn\torn_Templewind.wav
cstrike\sound\de_torn\torn_thndrstrike.wav
cstrike\sound\de_torn\torn_water1.wav
cstrike\sound\de_torn\torn_water2.wav
cstrike\sound\hostage\hos1.wav
cstrike\sound\hostage\hos2.wav
cstrike\sound\hostage\hos3.wav
cstrike\sound\hostage\hos4.wav
cstrike\sound\hostage\hos5.wav
cstrike\sound\items\equip_nvg.wav
cstrike\sound\items\kevlar.wav
cstrike\sound\items\nvg_off.wav
cstrike\sound\items\nvg_on.wav
cstrike\sound\items\tr_kevlar.wav
cstrike\sound\misc\cow.wav
cstrike\sound\misc\killChicken.wav
cstrike\sound\misc\plane_drone.wav
cstrike\sound\misc\sheep.wav
cstrike\sound\misc\talk.wav
cstrike\sound\plats\vehicle1.wav
cstrike\sound\plats\vehicle2.wav
cstrike\sound\plats\vehicle3.wav
cstrike\sound\plats\vehicle4.wav
cstrike\sound\plats\vehicle6.wav
cstrike\sound\plats\vehicle7.wav
cstrike\sound\plats\vehicle_brake1.wav
cstrike\sound\plats\vehicle_ignition.wav
cstrike\sound\plats\vehicle_start1.wav
cstrike\sound\player\bhit_flesh-1.wav
cstrike\sound\player\bhit_flesh-2.wav
cstrike\sound\player\bhit_flesh-3.wav
cstrike\sound\player\bhit_helmet-1.wav
cstrike\sound\player\bhit_kevlar-1.wav
cstrike\sound\player\breathe1.wav
cstrike\sound\player\breathe2.wav
cstrike\sound\player\death6.wav
cstrike\sound\player\die1.wav
cstrike\sound\player\die2.wav
cstrike\sound\player\die3.wav
cstrike\sound\player\headshot1.wav
cstrike\sound\player\headshot2.wav
cstrike\sound\player\headshot3.wav
cstrike\sound\player\pl_die1.wav
cstrike\sound\player\pl_dirt1.wav
cstrike\sound\player\pl_dirt2.wav
cstrike\sound\player\pl_dirt3.wav
cstrike\sound\player\pl_dirt4.wav
cstrike\sound\player\pl_duct1.wav
cstrike\sound\player\pl_duct2.wav
cstrike\sound\player\pl_duct3.wav
cstrike\sound\player\pl_duct4.wav
cstrike\sound\player\pl_fallpain1.wav
cstrike\sound\player\pl_fallpain2.wav
cstrike\sound\player\pl_fallpain3.wav
cstrike\sound\player\pl_grate1.wav
cstrike\sound\player\pl_grate2.wav
cstrike\sound\player\pl_grate3.wav
cstrike\sound\player\pl_grate4.wav
cstrike\sound\player\pl_jump1.wav
cstrike\sound\player\pl_jump2.wav
cstrike\sound\player\pl_ladder1.wav
cstrike\sound\player\pl_ladder2.wav
cstrike\sound\player\pl_ladder3.wav
cstrike\sound\player\pl_ladder4.wav
cstrike\sound\player\pl_metal1.wav
cstrike\sound\player\pl_metal2.wav
cstrike\sound\player\pl_metal3.wav
cstrike\sound\player\pl_metal4.wav
cstrike\sound\player\pl_pain2.wav
cstrike\sound\player\pl_pain4.wav
cstrike\sound\player\pl_pain5.wav
cstrike\sound\player\pl_pain6.wav
cstrike\sound\player\pl_pain7.wav
cstrike\sound\player\pl_shell1.wav
cstrike\sound\player\pl_shot1.wav
cstrike\sound\player\pl_slosh1.wav
cstrike\sound\player\pl_slosh2.wav
cstrike\sound\player\pl_slosh3.wav
cstrike\sound\player\pl_slosh4.wav
cstrike\sound\player\pl_snow1.wav
cstrike\sound\player\pl_snow2.wav
cstrike\sound\player\pl_snow3.wav
cstrike\sound\player\pl_snow4.wav
cstrike\sound\player\pl_snow5.wav
cstrike\sound\player\pl_snow6.wav
cstrike\sound\player\pl_step1.wav
cstrike\sound\player\pl_step2.wav
cstrike\sound\player\pl_step3.wav
cstrike\sound\player\pl_step4.wav
cstrike\sound\player\pl_swim1.wav
cstrike\sound\player\pl_swim2.wav
cstrike\sound\player\pl_swim3.wav
cstrike\sound\player\pl_swim4.wav
cstrike\sound\player\pl_tile1.wav
cstrike\sound\player\pl_tile2.wav
cstrike\sound\player\pl_tile3.wav
cstrike\sound\player\pl_tile4.wav
cstrike\sound\player\pl_tile5.wav
cstrike\sound\player\pl_wade1.wav
cstrike\sound\player\pl_wade2.wav
cstrike\sound\player\pl_wade3.wav
cstrike\sound\player\pl_wade4.wav
cstrike\sound\player\sprayer.wav
cstrike\sound\radio\blow.wav
cstrike\sound\radio\bombdef.wav
cstrike\sound\radio\bombpl.wav
cstrike\sound\radio\circleback.wav
cstrike\sound\radio\clear.wav
cstrike\sound\radio\com_followcom.wav
cstrike\sound\radio\com_getinpos.wav
cstrike\sound\radio\com_go.wav
cstrike\sound\radio\com_reportin.wav
cstrike\sound\radio\ctwin.wav
cstrike\sound\radio\ct_affirm.wav
cstrike\sound\radio\ct_backup.wav
cstrike\sound\radio\ct_coverme.wav
cstrike\sound\radio\ct_enemys.wav
cstrike\sound\radio\ct_fireinhole.wav
cstrike\sound\radio\ct_imhit.wav
cstrike\sound\radio\ct_inpos.wav
cstrike\sound\radio\ct_point.wav
cstrike\sound\radio\ct_reportingin.wav
cstrike\sound\radio\elim.wav
cstrike\sound\radio\enemydown.wav
cstrike\sound\radio\fallback.wav
cstrike\sound\radio\fireassis.wav
cstrike\sound\radio\flankthem.wav
cstrike\sound\radio\followme.wav
cstrike\sound\radio\getout.wav
cstrike\sound\radio\go.wav
cstrike\sound\radio\hitassist.wav
cstrike\sound\radio\hosdown.wav
cstrike\sound\radio\letsgo.wav
cstrike\sound\radio\locknload.wav
cstrike\sound\radio\matedown.wav
cstrike\sound\radio\meetme.wav
cstrike\sound\radio\moveout.wav
cstrike\sound\radio\negative.wav
cstrike\sound\radio\position.wav
cstrike\sound\radio\regroup.wav
cstrike\sound\radio\rescued.wav
cstrike\sound\radio\roger.wav
cstrike\sound\radio\rounddraw.wav
cstrike\sound\radio\sticktog.wav
cstrike\sound\radio\stormfront.wav
cstrike\sound\radio\takepoint.wav
cstrike\sound\radio\terwin.wav
cstrike\sound\radio\vip.wav
cstrike\sound\storm\thunder-theme.wav
cstrike\sound\weapons\ak47-1.wav
cstrike\sound\weapons\ak47-2.wav
cstrike\sound\weapons\ak47_boltpull.wav
cstrike\sound\weapons\ak47_clipin.wav
cstrike\sound\weapons\ak47_clipout.wav
cstrike\sound\weapons\aug-1.wav
cstrike\sound\weapons\aug_boltpull.wav
cstrike\sound\weapons\aug_boltslap.wav
cstrike\sound\weapons\aug_clipin.wav
cstrike\sound\weapons\aug_clipout.wav
cstrike\sound\weapons\aug_forearm.wav
cstrike\sound\weapons\awp1.wav
cstrike\sound\weapons\awp_clipin.wav
cstrike\sound\weapons\awp_clipout.wav
cstrike\sound\weapons\awp_deploy.wav
cstrike\sound\weapons\boltdown.wav
cstrike\sound\weapons\boltpull1.wav
cstrike\sound\weapons\boltup.wav
cstrike\sound\weapons\c4_beep1.wav
cstrike\sound\weapons\c4_beep2.wav
cstrike\sound\weapons\c4_beep3.wav
cstrike\sound\weapons\c4_beep4.wav
cstrike\sound\weapons\c4_beep5.wav
cstrike\sound\weapons\c4_click.wav
cstrike\sound\weapons\c4_disarm.wav
cstrike\sound\weapons\c4_disarmed.wav
cstrike\sound\weapons\c4_explode1.wav
cstrike\sound\weapons\c4_plant.wav
cstrike\sound\weapons\clipin1.wav
cstrike\sound\weapons\clipout1.wav
cstrike\sound\weapons\deagle-1.wav
cstrike\sound\weapons\deagle-2.wav
cstrike\sound\weapons\de_clipin.wav
cstrike\sound\weapons\de_clipout.wav
cstrike\sound\weapons\de_deploy.wav
cstrike\sound\weapons\dryfire_pistol.wav
cstrike\sound\weapons\dryfire_rifle.wav
cstrike\sound\weapons\elite_clipout.wav
cstrike\sound\weapons\elite_deploy.wav
cstrike\sound\weapons\elite_fire.wav
cstrike\sound\weapons\elite_leftclipin.wav
cstrike\sound\weapons\elite_reloadstart.wav
cstrike\sound\weapons\elite_rightclipin.wav
cstrike\sound\weapons\elite_sliderelease.wav
cstrike\sound\weapons\elite_twirl.wav
cstrike\sound\weapons\explode3.wav
cstrike\sound\weapons\explode4.wav
cstrike\sound\weapons\explode5.wav
cstrike\sound\weapons\famas-1.wav
cstrike\sound\weapons\famas-2.wav
cstrike\sound\weapons\famas-burst.wav
cstrike\sound\weapons\famas_boltpull.wav
cstrike\sound\weapons\famas_boltslap.wav
cstrike\sound\weapons\famas_clipin.wav
cstrike\sound\weapons\famas_clipout.wav
cstrike\sound\weapons\famas_forearm.wav
cstrike\sound\weapons\fiveseven-1.wav
cstrike\sound\weapons\fiveseven_clipin.wav
cstrike\sound\weapons\fiveseven_clipout.wav
cstrike\sound\weapons\fiveseven_slidepull.wav
cstrike\sound\weapons\fiveseven_sliderelease.wav
cstrike\sound\weapons\flashbang-1.wav
cstrike\sound\weapons\flashbang-2.wav
cstrike\sound\weapons\g3sg1-1.wav
cstrike\sound\weapons\g3sg1_clipin.wav
cstrike\sound\weapons\g3sg1_clipout.wav
cstrike\sound\weapons\g3sg1_slide.wav
cstrike\sound\weapons\galil-1.wav
cstrike\sound\weapons\galil-2.wav
cstrike\sound\weapons\galil_boltpull.wav
cstrike\sound\weapons\galil_clipin.wav
cstrike\sound\weapons\galil_clipout.wav
cstrike\sound\weapons\generic_reload.wav
cstrike\sound\weapons\generic_shot_reload.wav
cstrike\sound\weapons\glock18-1.wav
cstrike\sound\weapons\glock18-2.wav
cstrike\sound\weapons\grenade_hit1.wav
cstrike\sound\weapons\grenade_hit2.wav
cstrike\sound\weapons\grenade_hit3.wav
cstrike\sound\weapons\headshot2.wav
cstrike\sound\weapons\hegrenade-1.wav
cstrike\sound\weapons\hegrenade-2.wav
cstrike\sound\weapons\he_bounce-1.wav
cstrike\sound\weapons\knife_deploy1.wav
cstrike\sound\weapons\knife_hit1.wav
cstrike\sound\weapons\knife_hit2.wav
cstrike\sound\weapons\knife_hit3.wav
cstrike\sound\weapons\knife_hit4.wav
cstrike\sound\weapons\knife_hitwall1.wav
cstrike\sound\weapons\knife_slash1.wav
cstrike\sound\weapons\knife_slash2.wav
cstrike\sound\weapons\knife_stab.wav
cstrike\sound\weapons\m249-1.wav
cstrike\sound\weapons\m249-2.wav
cstrike\sound\weapons\m249_boxin.wav
cstrike\sound\weapons\m249_boxout.wav
cstrike\sound\weapons\m249_chain.wav
cstrike\sound\weapons\m249_coverdown.wav
cstrike\sound\weapons\m249_coverup.wav
cstrike\sound\weapons\m3-1.wav
cstrike\sound\weapons\m3_insertshell.wav
cstrike\sound\weapons\m3_pump.wav
cstrike\sound\weapons\m4a1-1.wav
cstrike\sound\weapons\m4a1_boltpull.wav
cstrike\sound\weapons\m4a1_clipin.wav
cstrike\sound\weapons\m4a1_clipout.wav
cstrike\sound\weapons\m4a1_deploy.wav
cstrike\sound\weapons\m4a1_silencer_off.wav
cstrike\sound\weapons\m4a1_silencer_on.wav
cstrike\sound\weapons\m4a1_unsil-1.wav
cstrike\sound\weapons\m4a1_unsil-2.wav
cstrike\sound\weapons\mac10-1.wav
cstrike\sound\weapons\mac10_boltpull.wav
cstrike\sound\weapons\mac10_clipin.wav
cstrike\sound\weapons\mac10_clipout.wav
cstrike\sound\weapons\mp5-1.wav
cstrike\sound\weapons\mp5-2.wav
cstrike\sound\weapons\mp5_clipin.wav
cstrike\sound\weapons\mp5_clipout.wav
cstrike\sound\weapons\mp5_slideback.wav
cstrike\sound\weapons\p228-1.wav
cstrike\sound\weapons\p228_clipin.wav
cstrike\sound\weapons\p228_clipout.wav
cstrike\sound\weapons\p228_slidepull.wav
cstrike\sound\weapons\p228_sliderelease.wav
cstrike\sound\weapons\p90-1.wav
cstrike\sound\weapons\p90_boltpull.wav
cstrike\sound\weapons\p90_clipin.wav
cstrike\sound\weapons\p90_clipout.wav
cstrike\sound\weapons\p90_cliprelease.wav
cstrike\sound\weapons\pinpull.wav
cstrike\sound\weapons\ric1.wav
cstrike\sound\weapons\ric2.wav
cstrike\sound\weapons\ric3.wav
cstrike\sound\weapons\ric4.wav
cstrike\sound\weapons\ric5.wav
cstrike\sound\weapons\ric_conc-1.wav
cstrike\sound\weapons\ric_conc-2.wav
cstrike\sound\weapons\ric_metal-1.wav
cstrike\sound\weapons\ric_metal-2.wav
cstrike\sound\weapons\scout_bolt.wav
cstrike\sound\weapons\scout_clipin.wav
cstrike\sound\weapons\scout_clipout.wav
cstrike\sound\weapons\scout_fire-1.wav
cstrike\sound\weapons\sg550-1.wav
cstrike\sound\weapons\sg550_boltpull.wav
cstrike\sound\weapons\sg550_clipin.wav
cstrike\sound\weapons\sg550_clipout.wav
cstrike\sound\weapons\sg552-1.wav
cstrike\sound\weapons\sg552-2.wav
cstrike\sound\weapons\sg552_boltpull.wav
cstrike\sound\weapons\sg552_clipin.wav
cstrike\sound\weapons\sg552_clipout.wav
cstrike\sound\weapons\sg_explode.wav
cstrike\sound\weapons\slideback1.wav
cstrike\sound\weapons\sliderelease1.wav
cstrike\sound\weapons\tmp-1.wav
cstrike\sound\weapons\tmp-2.wav
cstrike\sound\weapons\ump45-1.wav
cstrike\sound\weapons\ump45_boltslap.wav
cstrike\sound\weapons\ump45_clipin.wav
cstrike\sound\weapons\ump45_clipout.wav
cstrike\sound\weapons\usp1.wav
cstrike\sound\weapons\usp2.wav
cstrike\sound\weapons\usp_clipin.wav
cstrike\sound\weapons\usp_clipout.wav
cstrike\sound\weapons\usp_silencer_off.wav
cstrike\sound\weapons\usp_silencer_on.wav
cstrike\sound\weapons\usp_slideback.wav
cstrike\sound\weapons\usp_sliderelease.wav
cstrike\sound\weapons\usp_unsil-1.wav
cstrike\sound\weapons\xm1014-1.wav
cstrike\sound\weapons\zoom.wav

cstrike\sprites\3dmflaora.spr
cstrike\sprites\3dmflared.spr
cstrike\sprites\640hud1.spr
cstrike\sprites\640hud10.spr
cstrike\sprites\640hud11.spr
cstrike\sprites\640hud12.spr
cstrike\sprites\640hud13.spr
cstrike\sprites\640hud14.spr
cstrike\sprites\640hud15.spr
cstrike\sprites\640hud16.spr
cstrike\sprites\640hud17.spr
cstrike\sprites\640hud18.spr
cstrike\sprites\640hud19.spr
cstrike\sprites\640hud2.spr
cstrike\sprites\640hud20.spr
cstrike\sprites\640hud3.spr
cstrike\sprites\640hud4.spr
cstrike\sprites\640hud5.spr
cstrike\sprites\640hud6.spr
cstrike\sprites\640hud7.spr
cstrike\sprites\black_smoke1.spr
cstrike\sprites\black_smoke2.spr
cstrike\sprites\black_smoke3.spr
cstrike\sprites\black_smoke4.spr
cstrike\sprites\c4.spr
cstrike\sprites\ch_sniper.spr
cstrike\sprites\ch_sniper2.spr
cstrike\sprites\defuser.spr
cstrike\sprites\effects
cstrike\sprites\fast_wallpuff1.spr
cstrike\sprites\gas_puff_01.spr
cstrike\sprites\grass_01.spr
cstrike\sprites\grass_03.spr
cstrike\sprites\hud.txt
cstrike\sprites\ibackpack.spr
cstrike\sprites\ic4.spr
cstrike\sprites\ihostage.spr
cstrike\sprites\ikgrass1.spr
cstrike\sprites\ikgrass2.spr
cstrike\sprites\ikgrass3.spr
cstrike\sprites\ikgrass4.spr
cstrike\sprites\ikgrass5.spr
cstrike\sprites\iplayerc4.spr
cstrike\sprites\iplayervip.spr
cstrike\sprites\ledglow.spr
cstrike\sprites\muzzleflash1.spr
cstrike\sprites\muzzleflash2.spr
cstrike\sprites\muzzleflash3.spr
cstrike\sprites\muzzleflash4.spr
cstrike\sprites\observer.txt
cstrike\sprites\pistol_smoke1.spr
cstrike\sprites\pistol_smoke2.spr
cstrike\sprites\radar320.spr
cstrike\sprites\radar640.spr
cstrike\sprites\radio.spr
cstrike\sprites\rifle_smoke1.spr
cstrike\sprites\rifle_smoke2.spr
cstrike\sprites\rifle_smoke3.spr
cstrike\sprites\smokepuff.spr
cstrike\sprites\sniper_scope.spr
cstrike\sprites\snow.spr
cstrike\sprites\wall_puff1.spr
cstrike\sprites\wall_puff2.spr
cstrike\sprites\wall_puff3.spr
cstrike\sprites\wall_puff4.spr
cstrike\sprites\weapon_ak47.txt
cstrike\sprites\weapon_aug.txt
cstrike\sprites\weapon_awp.txt
cstrike\sprites\weapon_c4.txt
cstrike\sprites\weapon_deagle.txt
cstrike\sprites\weapon_elite.txt
cstrike\sprites\weapon_famas.txt
cstrike\sprites\weapon_fiveseven.txt
cstrike\sprites\weapon_flashbang.txt
cstrike\sprites\weapon_g3sg1.txt
cstrike\sprites\weapon_galil.txt
cstrike\sprites\weapon_glock18.txt
cstrike\sprites\weapon_hegrenade.txt
cstrike\sprites\weapon_knife.txt
cstrike\sprites\weapon_m249.txt
cstrike\sprites\weapon_m3.txt
cstrike\sprites\weapon_m4a1.txt
cstrike\sprites\weapon_mac10.txt
cstrike\sprites\weapon_mp5navy.txt
cstrike\sprites\weapon_p228.txt
cstrike\sprites\weapon_p90.txt
cstrike\sprites\weapon_scout.txt
cstrike\sprites\weapon_sg550.txt
cstrike\sprites\weapon_sg552.txt
cstrike\sprites\weapon_shield.txt
cstrike\sprites\weapon_shieldgun.txt
cstrike\sprites\weapon_smokegrenade.txt
cstrike\sprites\weapon_tmp.txt
cstrike\sprites\weapon_ump45.txt
cstrike\sprites\weapon_usp.txt
cstrike\sprites\weapon_xm1014.txt
cstrike\sprites\effects\rain.spr
cstrike\sprites\effects\rainsplash.spr
cstrike\sprites\effects\ripple.spr
cstrike\sprites\effects\snowflake.spr